
> solar-trainer-frontend@0.1.0 build
> next build

   Γû▓ Next.js 14.1.0
   - Environments: .env.local

   Creating an optimized production build ...
 Γ£ô Compiled successfully
   Linting and checking validity of types ...
   Collecting page data ...
   Generating static pages (0/30) ...

   Generating static pages (7/30) 

   Generating static pages (14/30) 

   Generating static pages (22/30) 
node.exe : Error: Functions cannot be passed directly to Client Components unless you explicitly expose it by marking 
it with "use server".
At line:1 char:1
+ & "C:\Program Files\nodejs/node.exe" "C:\Program Files\nodejs/node_mo ...
+ ~~~~~~~~~~~~~~~~~~~~~~~~~~~~~~~~~~~~~~~~~~~~~~~~~~~~~~~~~~~~~~~~~~~~~
    + CategoryInfo          : NotSpecified: (Error: Function...h "use server".:String) [], RemoteException
    + FullyQualifiedErrorId : NativeCommandError
 
  {$$typeof: ..., render: function, displayName: ...}
                          ^^^^^^^^
    at C:\Users\12132\Desktop\Antigravity Solar Sales Trainer 
Agent\frontend\node_modules\next\dist\compiled\next-server\app-page.runtime.prod.js:12:145820
    at Object.toJSON (C:\Users\12132\Desktop\Antigravity Solar Sales Trainer 
Agent\frontend\node_modules\next\dist\compiled\next-server\app-page.runtime.prod.js:12:146504)
    at stringify (<anonymous>)
    at eR (C:\Users\12132\Desktop\Antigravity Solar Sales Trainer 
Agent\frontend\node_modules\next\dist\compiled\next-server\app-page.runtime.prod.js:12:134889)
    at eP (C:\Users\12132\Desktop\Antigravity Solar Sales Trainer 
Agent\frontend\node_modules\next\dist\compiled\next-server\app-page.runtime.prod.js:12:135332)
    at AsyncLocalStorage.run (node:internal/async_local_storage/async_context_frame:63:14)
    at Timeout._onTimeout (C:\Users\12132\Desktop\Antigravity Solar Sales Trainer 
Agent\frontend\node_modules\next\dist\compiled\next-server\app-page.runtime.prod.js:12:146956)
    at listOnTimeout (node:internal/timers:605:17)
    at process.processTimers (node:internal/timers:541:7)
Error: Functions cannot be passed directly to Client Components unless you explicitly expose it by marking it with 
"use server".
  {$$typeof: ..., render: function, displayName: ...}
                          ^^^^^^^^
    at C:\Users\12132\Desktop\Antigravity Solar Sales Trainer 
Agent\frontend\node_modules\next\dist\compiled\next-server\app-page.runtime.prod.js:12:145820
    at Object.toJSON (C:\Users\12132\Desktop\Antigravity Solar Sales Trainer 
Agent\frontend\node_modules\next\dist\compiled\next-server\app-page.runtime.prod.js:12:146504)
    at stringify (<anonymous>)
    at eR (C:\Users\12132\Desktop\Antigravity Solar Sales Trainer 
Agent\frontend\node_modules\next\dist\compiled\next-server\app-page.runtime.prod.js:12:134889)
    at eP (C:\Users\12132\Desktop\Antigravity Solar Sales Trainer 
Agent\frontend\node_modules\next\dist\compiled\next-server\app-page.runtime.prod.js:12:135332)
    at Timeout._onTimeout (C:\Users\12132\Desktop\Antigravity Solar Sales Trainer 
Agent\frontend\node_modules\next\dist\compiled\next-server\app-page.runtime.prod.js:12:132112)
    at listOnTimeout (node:internal/timers:605:17)
    at process.processTimers (node:internal/timers:541:7)
